// Jest Snapshot v1, https://goo.gl/fbAQLP

exports[`Pruebas de <App/> debe de mostrar <App/> correctamente 1`] = `
<Fragment>
  <h1>
    Hola mundo React!
  </h1>
  <hr />
  <p>
    Tu nombre es 
    Ionut
     y tu apellido es 
    Rayannez
  </p>
</Fragment>
`;
