// Jest Snapshot v1, https://goo.gl/fbAQLP

exports[`Pruebas para el <CounterApp/> debe de mostrar <CounterApp/> correctamente 1`] = `
<div>
  <h1>
    CounterApp
  </h1>
  <hr />
  <button
    onClick={[Function]}
  >
    +
  </button>
  <button
    onClick={[Function]}
  >
    reset
  </button>
  <button
    onClick={[Function]}
  >
    -
  </button>
  <h2>
    10
  </h2>
</div>
`;
